{
  "schemaVersion": "kova.compare.v1",
  "generatedAt": "<iso>",
  "baseline": {
    "runId": "kova-<runId>",
    "mode": "execution",
    "profile": null,
    "target": "runtime:stable",
    "targetKind": "runtime",
    "generatedAt": "<iso>",
    "statuses": {
      "PASS": 1
    },
    "decision": {
      "verdict": "PASS",
      "ok": true,
      "reason": "all executed scenarios passed",
      "blockingFindingCount": 0,
      "warningFindingCount": 0
    },
    "findingCount": 0,
    "groupCount": 1,
    "sampleCount": 1,
    "resourceMeasurementScope": null,
    "resourceHeadlineContract": null
  },
  "current": {
    "runId": "kova-<runId>",
    "mode": "execution",
    "profile": null,
    "target": "runtime:stable",
    "targetKind": "runtime",
    "generatedAt": "<iso>",
    "statuses": {
      "FAIL": 1
    },
    "decision": {
      "verdict": "FAIL",
      "ok": false,
      "reason": "gateway peak RSS 950 MB exceeded threshold 800 MB",
      "blockingFindingCount": 2,
      "warningFindingCount": 0
    },
    "findingCount": 2,
    "groupCount": 1,
    "sampleCount": 1,
    "resourceMeasurementScope": null,
    "resourceHeadlineContract": null
  },
  "thresholds": {
    "missingDependencyErrors": 0,
    "pluginLoadFailures": 0,
    "peakRssMb": 100,
    "cpuPercentMax": 25,
    "coldReadyMs": 5000,
    "warmReadyMs": 3000,
    "upgradeMs": 10000,
    "statusMs": 1000,
    "pluginsListMs": 1000,
    "modelsListMs": 3000,
    "agentTurnMs": 10000,
    "coldAgentTurnMs": 10000,
    "warmAgentTurnMs": 5000,
    "agentColdWarmDeltaMs": 10000,
    "coldPreProviderMs": 5000,
    "warmPreProviderMs": 2500,
    "agentMetadataScanCount": 5,
    "agentMetadataScanTotalMs": 1000,
    "agentEventLoopMaxMs": 250,
    "agentSessionPollCount": 10,
    "tcpConnectMaxMs": 250,
    "readinessListeningMs": 3000,
    "readinessHealthReadyMs": 5000,
    "readinessFailures": 0,
    "startupHealthFailures": 0,
    "postReadyHealthFailures": 0,
    "finalHealthFailures": 0,
    "startupHealthP95Ms": 1000,
    "postReadyHealthP95Ms": 1000,
    "gatewayRestartCount": 0,
    "providerTimeoutMentions": 0,
    "eventLoopDelayMentions": 0,
    "metadataScanMentions": 10,
    "configNormalizationMentions": 10,
    "pluginMetadataScanCount": 10,
    "configNormalizationCount": 10,
    "runtimeDepsStagingMs": 5000,
    "eventLoopDelayMs": 250,
    "providerModelTimingMs": 5000,
    "diagnosticArtifactBytes": 26214400,
    "heapSnapshotBytes": 52428800,
    "resourcePeakCommandTreeRssMb": 100,
    "resourcePeakGatewayRssMb": 100,
    "resourcePeakTrackedRssMb": 100,
    "resourceCpuPercentMaxTracked": 25,
    "openclawTimelineParseErrors": 0,
    "openclawSlowestSpanMs": 5000,
    "openclawEventLoopMaxMs": 250,
    "openclawProviderRequestMaxMs": 5000,
    "openclawChildProcessFailedCount": 0,
    "nodeProfileArtifactBytes": 104857600,
    "nodeProfileTopFunctionMs": 5000
  },
  "sourceRelease": null,
  "ok": false,
  "regressionCount": 3,
  "scenarioRegressionCount": 1,
  "skippedMetricCount": 7,
  "resourceContractMismatchCount": 1,
  "statusChanges": {
    "changes": [
      {
        "key": "fresh-install|fresh-install|fresh",
        "scenario": "fresh-install",
        "state": "fresh",
        "direction": "regressed",
        "baseline": {
          "PASS": 1
        },
        "current": {
          "FAIL": 1
        },
        "baselineLabel": "PASS:1",
        "currentLabel": "FAIL:1"
      }
    ],
    "improvements": [],
    "regressions": [
      {
        "key": "fresh-install|fresh-install|fresh",
        "scenario": "fresh-install",
        "state": "fresh",
        "direction": "regressed",
        "baseline": {
          "PASS": 1
        },
        "current": {
          "FAIL": 1
        },
        "baselineLabel": "PASS:1",
        "currentLabel": "FAIL:1"
      }
    ]
  },
  "findingChanges": {
    "new": [
      {
        "id": "fresh-install:fresh:resourceByRole.gateway.peakRssMb:1",
        "severity": "fail",
        "kind": "violation",
        "scenario": "fresh-install",
        "state": "fresh",
        "sampleIndex": 1,
        "ownerArea": "OpenClaw",
        "metric": "resourceByRole.gateway.peakRssMb",
        "summary": "gateway peak RSS 950 MB exceeded threshold 800 MB",
        "expected": null,
        "actual": 950,
        "evidence": [
          "readinessHealthReadyMs: 1200",
          "readinessListeningMs: 800",
          "gatewayRssMb: 950",
          "cpuPercentMax: 90",
          "gateway: 950MB RSS, 60% CPU",
          "gateway peak RSS 950 MB exceeded threshold 800 MB"
        ]
      },
      {
        "id": "fresh-install:fresh:fresh-install-resource-proof:1",
        "severity": "incomplete",
        "kind": "evidence",
        "scenario": "fresh-install",
        "state": "fresh",
        "sampleIndex": 1,
        "ownerArea": "OpenClaw",
        "metric": null,
        "summary": "undefined proof failed: gateway RSS stayed under threshold",
        "expected": "required proof obligation passes",
        "actual": "proof collection failed",
        "evidence": [
          "gateway peak RSS 950 MB exceeded threshold 800 MB"
        ]
      }
    ],
    "resolved": [],
    "unchangedCount": 0
  },
  "improvementCount": 0,
  "scenarios": [
    {
      "key": "fresh-install:fresh",
      "scenario": "fresh-install",
      "state": "fresh",
      "status": "REGRESSED",
      "currentStatus": "FAIL",
      "baselineStatus": "PASS",
      "baselineStatuses": {
        "PASS": 1
      },
      "currentStatuses": {
        "FAIL": 1
      },
      "baselineSampleCount": 1,
      "currentSampleCount": 1,
      "resourceComparison": {
        "baseline": {
          "measurementScope": null,
          "headlineContract": null
        },
        "current": {
          "measurementScope": null,
          "headlineContract": null
        },
        "scopeCompatible": false,
        "headlineContractCompatible": false,
        "compatible": false
      },
      "skippedMetrics": [
        "peakRssMb",
        "cpuPercentMax",
        "resourceSampleCount",
        "resourcePeakTrackedRssMb",
        "resourceCpuPercentMaxTracked",
        "resourcePeakCommandTreeRssMb",
        "resourcePeakGatewayRssMb"
      ],
      "regressions": [
        {
          "kind": "status",
          "metric": "status",
          "baseline": "PASS",
          "current": "FAIL",
          "message": "status regressed from PASS to FAIL"
        }
      ],
      "metrics": {
        "peakRssMb": {
          "stat": "median",
          "baseline": 420,
          "current": 950,
          "comparable": false,
          "delta": null,
          "tolerance": 100,
          "baselineStats": {
            "count": 1,
            "min": 420,
            "median": 420,
            "p95": null,
            "max": 420
          },
          "currentStats": {
            "count": 1,
            "min": 950,
            "median": 950,
            "p95": null,
            "max": 950
          }
        },
        "cpuPercentMax": {
          "stat": "median",
          "baseline": 90,
          "current": 90,
          "comparable": false,
          "delta": null,
          "tolerance": 25,
          "baselineStats": {
            "count": 1,
            "min": 90,
            "median": 90,
            "p95": null,
            "max": 90
          },
          "currentStats": {
            "count": 1,
            "min": 90,
            "median": 90,
            "p95": null,
            "max": 90
          }
        },
        "coldReadyMs": {
          "stat": "median",
          "baseline": 1200,
          "current": 1200,
          "comparable": true,
          "delta": 0,
          "tolerance": 5000,
          "baselineStats": {
            "count": 1,
            "min": 1200,
            "median": 1200,
            "p95": null,
            "max": 1200
          },
          "currentStats": {
            "count": 1,
            "min": 1200,
            "median": 1200,
            "p95": null,
            "max": 1200
          }
        },
        "warmReadyMs": {
          "stat": "median",
          "baseline": null,
          "current": null,
          "comparable": true,
          "delta": null,
          "tolerance": 3000,
          "baselineStats": {
            "count": 0,
            "min": null,
            "median": null,
            "p95": null,
            "max": null
          },
          "currentStats": {
            "count": 0,
            "min": null,
            "median": null,
            "p95": null,
            "max": null
          }
        },
        "upgradeMs": {
          "stat": "median",
          "baseline": null,
          "current": null,
          "comparable": true,
          "delta": null,
          "tolerance": 10000,
          "baselineStats": {
            "count": 0,
            "min": null,
            "median": null,
            "p95": null,
            "max": null
          },
          "currentStats": {
            "count": 0,
            "min": null,
            "median": null,
            "p95": null,
            "max": null
          }
        },
        "statusMs": {
          "stat": "median",
          "baseline": 300,
          "current": 300,
          "comparable": true,
          "delta": 0,
          "tolerance": 1000,
          "baselineStats": {
            "count": 1,
            "min": 300,
            "median": 300,
            "p95": null,
            "max": 300
          },
          "currentStats": {
            "count": 1,
            "min": 300,
            "median": 300,
            "p95": null,
            "max": 300
          }
        },
        "pluginsListMs": {
          "stat": "median",
          "baseline": null,
          "current": null,
          "comparable": true,
          "delta": null,
          "tolerance": 1000,
          "baselineStats": {
            "count": 0,
            "min": null,
            "median": null,
            "p95": null,
            "max": null
          },
          "currentStats": {
            "count": 0,
            "min": null,
            "median": null,
            "p95": null,
            "max": null
          }
        },
        "modelsListMs": {
          "stat": "median",
          "baseline": null,
          "current": null,
          "comparable": true,
          "delta": null,
          "tolerance": 3000,
          "baselineStats": {
            "count": 0,
            "min": null,
            "median": null,
            "p95": null,
            "max": null
          },
          "currentStats": {
            "count": 0,
            "min": null,
            "median": null,
            "p95": null,
            "max": null
          }
        },
        "agentTurnMs": {
          "stat": "median",
          "baseline": null,
          "current": null,
          "comparable": true,
          "delta": null,
          "tolerance": 10000,
          "baselineStats": {
            "count": 0,
            "min": null,
            "median": null,
            "p95": null,
            "max": null
          },
          "currentStats": {
            "count": 0,
            "min": null,
            "median": null,
            "p95": null,
            "max": null
          }
        },
        "coldAgentTurnMs": {
          "stat": "median",
          "baseline": null,
          "current": null,
          "comparable": true,
          "delta": null,
          "tolerance": 10000,
          "baselineStats": {
            "count": 0,
            "min": null,
            "median": null,
            "p95": null,
            "max": null
          },
          "currentStats": {
            "count": 0,
            "min": null,
            "median": null,
            "p95": null,
            "max": null
          }
        },
        "warmAgentTurnMs": {
          "stat": "median",
          "baseline": null,
          "current": null,
          "comparable": true,
          "delta": null,
          "tolerance": 5000,
          "baselineStats": {
            "count": 0,
            "min": null,
            "median": null,
            "p95": null,
            "max": null
          },
          "currentStats": {
            "count": 0,
            "min": null,
            "median": null,
            "p95": null,
            "max": null
          }
        },
        "agentColdWarmDeltaMs": {
          "stat": "median",
          "baseline": null,
          "current": null,
          "comparable": true,
          "delta": null,
          "tolerance": 10000,
          "baselineStats": {
            "count": 0,
            "min": null,
            "median": null,
            "p95": null,
            "max": null
          },
          "currentStats": {
            "count": 0,
            "min": null,
            "median": null,
            "p95": null,
            "max": null
          }
        },
        "coldPreProviderMs": {
          "stat": "median",
          "baseline": null,
          "current": null,
          "comparable": true,
          "delta": null,
          "tolerance": 5000,
          "baselineStats": {
            "count": 0,
            "min": null,
            "median": null,
            "p95": null,
            "max": null
          },
          "currentStats": {
            "count": 0,
            "min": null,
            "median": null,
            "p95": null,
            "max": null
          }
        },
        "warmPreProviderMs": {
          "stat": "median",
          "baseline": null,
          "current": null,
          "comparable": true,
          "delta": null,
          "tolerance": 2500,
          "baselineStats": {
            "count": 0,
            "min": null,
            "median": null,
            "p95": null,
            "max": null
          },
          "currentStats": {
            "count": 0,
            "min": null,
            "median": null,
            "p95": null,
            "max": null
          }
        },
        "agentColdWarmPreProviderDeltaMs": {
          "stat": "median",
          "baseline": null,
          "current": null,
          "comparable": true,
          "delta": null,
          "tolerance": null,
          "baselineStats": {
            "count": 0,
            "min": null,
            "median": null,
            "p95": null,
            "max": null
          },
          "currentStats": {
            "count": 0,
            "min": null,
            "median": null,
            "p95": null,
            "max": null
          }
        },
        "coldPreProviderAttributedMs": {
          "stat": "median",
          "baseline": null,
          "current": null,
          "comparable": true,
          "delta": null,
          "tolerance": null,
          "baselineStats": {
            "count": 0,
            "min": null,
            "median": null,
            "p95": null,
            "max": null
          },
          "currentStats": {
            "count": 0,
            "min": null,
            "median": null,
            "p95": null,
            "max": null
          }
        },
        "warmPreProviderAttributedMs": {
          "stat": "median",
          "baseline": null,
          "current": null,
          "comparable": true,
          "delta": null,
          "tolerance": null,
          "baselineStats": {
            "count": 0,
            "min": null,
            "median": null,
            "p95": null,
            "max": null
          },
          "currentStats": {
            "count": 0,
            "min": null,
            "median": null,
            "p95": null,
            "max": null
          }
        },
        "coldPreProviderUnattributedMs": {
          "stat": "median",
          "baseline": null,
          "current": null,
          "comparable": true,
          "delta": null,
          "tolerance": null,
          "baselineStats": {
            "count": 0,
            "min": null,
            "median": null,
            "p95": null,
            "max": null
          },
          "currentStats": {
            "count": 0,
            "min": null,
            "median": null,
            "p95": null,
            "max": null
          }
        },
        "warmPreProviderUnattributedMs": {
          "stat": "median",
          "baseline": null,
          "current": null,
          "comparable": true,
          "delta": null,
          "tolerance": null,
          "baselineStats": {
            "count": 0,
            "min": null,
            "median": null,
            "p95": null,
            "max": null
          },
          "currentStats": {
            "count": 0,
            "min": null,
            "median": null,
            "p95": null,
            "max": null
          }
        },
        "coldPreProviderAttributionCoverage": {
          "stat": "median",
          "baseline": null,
          "current": null,
          "comparable": true,
          "delta": null,
          "tolerance": null,
          "baselineStats": {
            "count": 0,
            "min": null,
            "median": null,
            "p95": null,
            "max": null
          },
          "currentStats": {
            "count": 0,
            "min": null,
            "median": null,
            "p95": null,
            "max": null
          }
        },
        "warmPreProviderAttributionCoverage": {
          "stat": "median",
          "baseline": null,
          "current": null,
          "comparable": true,
          "delta": null,
          "tolerance": null,
          "baselineStats": {
            "count": 0,
            "min": null,
            "median": null,
            "p95": null,
            "max": null
          },
          "currentStats": {
            "count": 0,
            "min": null,
            "median": null,
            "p95": null,
            "max": null
          }
        },
        "coldProviderFinalMs": {
          "stat": "median",
          "baseline": null,
          "current": null,
          "comparable": true,
          "delta": null,
          "tolerance": null,
          "baselineStats": {
            "count": 0,
            "min": null,
            "median": null,
            "p95": null,
            "max": null
          },
          "currentStats": {
            "count": 0,
            "min": null,
            "median": null,
            "p95": null,
            "max": null
          }
        },
        "warmProviderFinalMs": {
          "stat": "median",
          "baseline": null,
          "current": null,
          "comparable": true,
          "delta": null,
          "tolerance": null,
          "baselineStats": {
            "count": 0,
            "min": null,
            "median": null,
            "p95": null,
            "max": null
          },
          "currentStats": {
            "count": 0,
            "min": null,
            "median": null,
            "p95": null,
            "max": null
          }
        },
        "agentMetadataScanCount": {
          "stat": "median",
          "baseline": null,
          "current": null,
          "comparable": true,
          "delta": null,
          "tolerance": 5,
          "baselineStats": {
            "count": 0,
            "min": null,
            "median": null,
            "p95": null,
            "max": null
          },
          "currentStats": {
            "count": 0,
            "min": null,
            "median": null,
            "p95": null,
            "max": null
          }
        },
        "agentMetadataScanTotalMs": {
          "stat": "median",
          "baseline": null,
          "current": null,
          "comparable": true,
          "delta": null,
          "tolerance": 1000,
          "baselineStats": {
            "count": 0,
            "min": null,
            "median": null,
            "p95": null,
            "max": null
          },
          "currentStats": {
            "count": 0,
            "min": null,
            "median": null,
            "p95": null,
            "max": null
          }
        },
        "agentMetadataScanMaxMs": {
          "stat": "median",
          "baseline": null,
          "current": null,
          "comparable": true,
          "delta": null,
          "tolerance": null,
          "baselineStats": {
            "count": 0,
            "min": null,
            "median": null,
            "p95": null,
            "max": null
          },
          "currentStats": {
            "count": 0,
            "min": null,
            "median": null,
            "p95": null,
            "max": null
          }
        },
        "agentEventLoopMaxMs": {
          "stat": "median",
          "baseline": null,
          "current": null,
          "comparable": true,
          "delta": null,
          "tolerance": 250,
          "baselineStats": {
            "count": 0,
            "min": null,
            "median": null,
            "p95": null,
            "max": null
          },
          "currentStats": {
            "count": 0,
            "min": null,
            "median": null,
            "p95": null,
            "max": null
          }
        },
        "agentEventLoopSampleCount": {
          "stat": "median",
          "baseline": null,
          "current": null,
          "comparable": true,
          "delta": null,
          "tolerance": null,
          "baselineStats": {
            "count": 0,
            "min": null,
            "median": null,
            "p95": null,
            "max": null
          },
          "currentStats": {
            "count": 0,
            "min": null,
            "median": null,
            "p95": null,
            "max": null
          }
        },
        "agentSessionPollCount": {
          "stat": "median",
          "baseline": null,
          "current": null,
          "comparable": true,
          "delta": null,
          "tolerance": 10,
          "baselineStats": {
            "count": 0,
            "min": null,
            "median": null,
            "p95": null,
            "max": null
          },
          "currentStats": {
            "count": 0,
            "min": null,
            "median": null,
            "p95": null,
            "max": null
          }
        },
        "agentSessionPollErrorCount": {
          "stat": "median",
          "baseline": null,
          "current": null,
          "comparable": true,
          "delta": null,
          "tolerance": null,
          "baselineStats": {
            "count": 0,
            "min": null,
            "median": null,
            "p95": null,
            "max": null
          },
          "currentStats": {
            "count": 0,
            "min": null,
            "median": null,
            "p95": null,
            "max": null
          }
        },
        "tcpConnectMaxMs": {
          "stat": "median",
          "baseline": null,
          "current": null,
          "comparable": true,
          "delta": null,
          "tolerance": 250,
          "baselineStats": {
            "count": 0,
            "min": null,
            "median": null,
            "p95": null,
            "max": null
          },
          "currentStats": {
            "count": 0,
            "min": null,
            "median": null,
            "p95": null,
            "max": null
          }
        },
        "readinessListeningMs": {
          "stat": "median",
          "baseline": 800,
          "current": 800,
          "comparable": true,
          "delta": 0,
          "tolerance": 3000,
          "baselineStats": {
            "count": 1,
            "min": 800,
            "median": 800,
            "p95": null,
            "max": 800
          },
          "currentStats": {
            "count": 1,
            "min": 800,
            "median": 800,
            "p95": null,
            "max": 800
          }
        },
        "readinessHealthReadyMs": {
          "stat": "median",
          "baseline": 1200,
          "current": 1200,
          "comparable": true,
          "delta": 0,
          "tolerance": 5000,
          "baselineStats": {
            "count": 1,
            "min": 1200,
            "median": 1200,
            "p95": null,
            "max": 1200
          },
          "currentStats": {
            "count": 1,
            "min": 1200,
            "median": 1200,
            "p95": null,
            "max": 1200
          }
        },
        "startupHealthP95Ms": {
          "stat": "median",
          "baseline": 200,
          "current": 200,
          "comparable": true,
          "delta": 0,
          "tolerance": 1000,
          "baselineStats": {
            "count": 1,
            "min": 200,
            "median": 200,
            "p95": null,
            "max": 200
          },
          "currentStats": {
            "count": 1,
            "min": 200,
            "median": 200,
            "p95": null,
            "max": 200
          }
        },
        "postReadyHealthP95Ms": {
          "stat": "median",
          "baseline": 20,
          "current": 20,
          "comparable": true,
          "delta": 0,
          "tolerance": 1000,
          "baselineStats": {
            "count": 1,
            "min": 20,
            "median": 20,
            "p95": null,
            "max": 20
          },
          "currentStats": {
            "count": 1,
            "min": 20,
            "median": 20,
            "p95": null,
            "max": 20
          }
        },
        "startupHealthFailures": {
          "stat": "median",
          "baseline": null,
          "current": null,
          "comparable": true,
          "delta": null,
          "tolerance": 0,
          "baselineStats": {
            "count": 0,
            "min": null,
            "median": null,
            "p95": null,
            "max": null
          },
          "currentStats": {
            "count": 0,
            "min": null,
            "median": null,
            "p95": null,
            "max": null
          }
        },
        "postReadyHealthFailures": {
          "stat": "median",
          "baseline": null,
          "current": null,
          "comparable": true,
          "delta": null,
          "tolerance": 0,
          "baselineStats": {
            "count": 0,
            "min": null,
            "median": null,
            "p95": null,
            "max": null
          },
          "currentStats": {
            "count": 0,
            "min": null,
            "median": null,
            "p95": null,
            "max": null
          }
        },
        "finalHealthFailures": {
          "stat": "median",
          "baseline": 0,
          "current": 0,
          "comparable": true,
          "delta": 0,
          "tolerance": 0,
          "baselineStats": {
            "count": 1,
            "min": 0,
            "median": 0,
            "p95": null,
            "max": 0
          },
          "currentStats": {
            "count": 1,
            "min": 0,
            "median": 0,
            "p95": null,
            "max": 0
          }
        },
        "readinessFailures": {
          "stat": "median",
          "baseline": null,
          "current": null,
          "comparable": true,
          "delta": null,
          "tolerance": 0,
          "baselineStats": {
            "count": 0,
            "min": null,
            "median": null,
            "p95": null,
            "max": null
          },
          "currentStats": {
            "count": 0,
            "min": null,
            "median": null,
            "p95": null,
            "max": null
          }
        },
        "missingDependencyErrors": {
          "stat": "median",
          "baseline": null,
          "current": null,
          "comparable": true,
          "delta": null,
          "tolerance": 0,
          "baselineStats": {
            "count": 0,
            "min": null,
            "median": null,
            "p95": null,
            "max": null
          },
          "currentStats": {
            "count": 0,
            "min": null,
            "median": null,
            "p95": null,
            "max": null
          }
        },
        "pluginLoadFailures": {
          "stat": "median",
          "baseline": null,
          "current": null,
          "comparable": true,
          "delta": null,
          "tolerance": 0,
          "baselineStats": {
            "count": 0,
            "min": null,
            "median": null,
            "p95": null,
            "max": null
          },
          "currentStats": {
            "count": 0,
            "min": null,
            "median": null,
            "p95": null,
            "max": null
          }
        },
        "gatewayRestartCount": {
          "stat": "median",
          "baseline": null,
          "current": null,
          "comparable": true,
          "delta": null,
          "tolerance": 0,
          "baselineStats": {
            "count": 0,
            "min": null,
            "median": null,
            "p95": null,
            "max": null
          },
          "currentStats": {
            "count": 0,
            "min": null,
            "median": null,
            "p95": null,
            "max": null
          }
        },
        "metadataScanMentions": {
          "stat": "median",
          "baseline": null,
          "current": null,
          "comparable": true,
          "delta": null,
          "tolerance": 10,
          "baselineStats": {
            "count": 0,
            "min": null,
            "median": null,
            "p95": null,
            "max": null
          },
          "currentStats": {
            "count": 0,
            "min": null,
            "median": null,
            "p95": null,
            "max": null
          }
        },
        "configNormalizationMentions": {
          "stat": "median",
          "baseline": null,
          "current": null,
          "comparable": true,
          "delta": null,
          "tolerance": 10,
          "baselineStats": {
            "count": 0,
            "min": null,
            "median": null,
            "p95": null,
            "max": null
          },
          "currentStats": {
            "count": 0,
            "min": null,
            "median": null,
            "p95": null,
            "max": null
          }
        },
        "providerLoadMentions": {
          "stat": "median",
          "baseline": null,
          "current": null,
          "comparable": true,
          "delta": null,
          "tolerance": null,
          "baselineStats": {
            "count": 0,
            "min": null,
            "median": null,
            "p95": null,
            "max": null
          },
          "currentStats": {
            "count": 0,
            "min": null,
            "median": null,
            "p95": null,
            "max": null
          }
        },
        "modelCatalogMentions": {
          "stat": "median",
          "baseline": null,
          "current": null,
          "comparable": true,
          "delta": null,
          "tolerance": null,
          "baselineStats": {
            "count": 0,
            "min": null,
            "median": null,
            "p95": null,
            "max": null
          },
          "currentStats": {
            "count": 0,
            "min": null,
            "median": null,
            "p95": null,
            "max": null
          }
        },
        "providerTimeoutMentions": {
          "stat": "median",
          "baseline": null,
          "current": null,
          "comparable": true,
          "delta": null,
          "tolerance": 0,
          "baselineStats": {
            "count": 0,
            "min": null,
            "median": null,
            "p95": null,
            "max": null
          },
          "currentStats": {
            "count": 0,
            "min": null,
            "median": null,
            "p95": null,
            "max": null
          }
        },
        "eventLoopDelayMentions": {
          "stat": "median",
          "baseline": null,
          "current": null,
          "comparable": true,
          "delta": null,
          "tolerance": 0,
          "baselineStats": {
            "count": 0,
            "min": null,
            "median": null,
            "p95": null,
            "max": null
          },
          "currentStats": {
            "count": 0,
            "min": null,
            "median": null,
            "p95": null,
            "max": null
          }
        },
        "v8ReportCount": {
          "stat": "median",
          "baseline": null,
          "current": null,
          "comparable": true,
          "delta": null,
          "tolerance": null,
          "baselineStats": {
            "count": 0,
            "min": null,
            "median": null,
            "p95": null,
            "max": null
          },
          "currentStats": {
            "count": 0,
            "min": null,
            "median": null,
            "p95": null,
            "max": null
          }
        },
        "heapSnapshotCount": {
          "stat": "median",
          "baseline": null,
          "current": null,
          "comparable": true,
          "delta": null,
          "tolerance": null,
          "baselineStats": {
            "count": 0,
            "min": null,
            "median": null,
            "p95": null,
            "max": null
          },
          "currentStats": {
            "count": 0,
            "min": null,
            "median": null,
            "p95": null,
            "max": null
          }
        },
        "diagnosticArtifactBytes": {
          "stat": "median",
          "baseline": null,
          "current": null,
          "comparable": true,
          "delta": null,
          "tolerance": 26214400,
          "baselineStats": {
            "count": 0,
            "min": null,
            "median": null,
            "p95": null,
            "max": null
          },
          "currentStats": {
            "count": 0,
            "min": null,
            "median": null,
            "p95": null,
            "max": null
          }
        },
        "nodeCpuProfileCount": {
          "stat": "median",
          "baseline": null,
          "current": null,
          "comparable": true,
          "delta": null,
          "tolerance": null,
          "baselineStats": {
            "count": 0,
            "min": null,
            "median": null,
            "p95": null,
            "max": null
          },
          "currentStats": {
            "count": 0,
            "min": null,
            "median": null,
            "p95": null,
            "max": null
          }
        },
        "nodeHeapProfileCount": {
          "stat": "median",
          "baseline": null,
          "current": null,
          "comparable": true,
          "delta": null,
          "tolerance": null,
          "baselineStats": {
            "count": 0,
            "min": null,
            "median": null,
            "p95": null,
            "max": null
          },
          "currentStats": {
            "count": 0,
            "min": null,
            "median": null,
            "p95": null,
            "max": null
          }
        },
        "nodeTraceEventCount": {
          "stat": "median",
          "baseline": null,
          "current": null,
          "comparable": true,
          "delta": null,
          "tolerance": null,
          "baselineStats": {
            "count": 0,
            "min": null,
            "median": null,
            "p95": null,
            "max": null
          },
          "currentStats": {
            "count": 0,
            "min": null,
            "median": null,
            "p95": null,
            "max": null
          }
        },
        "nodeProfileArtifactBytes": {
          "stat": "median",
          "baseline": null,
          "current": null,
          "comparable": true,
          "delta": null,
          "tolerance": 104857600,
          "baselineStats": {
            "count": 0,
            "min": null,
            "median": null,
            "p95": null,
            "max": null
          },
          "currentStats": {
            "count": 0,
            "min": null,
            "median": null,
            "p95": null,
            "max": null
          }
        },
        "nodeProfileTopFunctionMs": {
          "stat": "median",
          "baseline": null,
          "current": null,
          "comparable": true,
          "delta": null,
          "tolerance": 5000,
          "baselineStats": {
            "count": 0,
            "min": null,
            "median": null,
            "p95": null,
            "max": null
          },
          "currentStats": {
            "count": 0,
            "min": null,
            "median": null,
            "p95": null,
            "max": null
          }
        },
        "heapSnapshotBytes": {
          "stat": "median",
          "baseline": null,
          "current": null,
          "comparable": true,
          "delta": null,
          "tolerance": 52428800,
          "baselineStats": {
            "count": 0,
            "min": null,
            "median": null,
            "p95": null,
            "max": null
          },
          "currentStats": {
            "count": 0,
            "min": null,
            "median": null,
            "p95": null,
            "max": null
          }
        },
        "resourceSampleCount": {
          "stat": "median",
          "baseline": 3,
          "current": 3,
          "comparable": false,
          "delta": null,
          "tolerance": null,
          "baselineStats": {
            "count": 1,
            "min": 3,
            "median": 3,
            "p95": null,
            "max": 3
          },
          "currentStats": {
            "count": 1,
            "min": 3,
            "median": 3,
            "p95": null,
            "max": 3
          }
        },
        "resourcePeakTrackedRssMb": {
          "stat": "median",
          "baseline": 420,
          "current": 950,
          "comparable": false,
          "delta": null,
          "tolerance": 100,
          "baselineStats": {
            "count": 1,
            "min": 420,
            "median": 420,
            "p95": null,
            "max": 420
          },
          "currentStats": {
            "count": 1,
            "min": 950,
            "median": 950,
            "p95": null,
            "max": 950
          }
        },
        "resourceCpuPercentMaxTracked": {
          "stat": "median",
          "baseline": null,
          "current": null,
          "comparable": false,
          "delta": null,
          "tolerance": 25,
          "baselineStats": {
            "count": 0,
            "min": null,
            "median": null,
            "p95": null,
            "max": null
          },
          "currentStats": {
            "count": 0,
            "min": null,
            "median": null,
            "p95": null,
            "max": null
          }
        },
        "resourcePeakCommandTreeRssMb": {
          "stat": "median",
          "baseline": null,
          "current": null,
          "comparable": false,
          "delta": null,
          "tolerance": 100,
          "baselineStats": {
            "count": 0,
            "min": null,
            "median": null,
            "p95": null,
            "max": null
          },
          "currentStats": {
            "count": 0,
            "min": null,
            "median": null,
            "p95": null,
            "max": null
          }
        },
        "resourcePeakGatewayRssMb": {
          "stat": "median",
          "baseline": null,
          "current": 950,
          "comparable": false,
          "delta": null,
          "tolerance": 100,
          "baselineStats": {
            "count": 0,
            "min": null,
            "median": null,
            "p95": null,
            "max": null
          },
          "currentStats": {
            "count": 1,
            "min": 950,
            "median": 950,
            "p95": null,
            "max": 950
          }
        },
        "openclawTimelineEventCount": {
          "stat": "median",
          "baseline": null,
          "current": null,
          "comparable": true,
          "delta": null,
          "tolerance": null,
          "baselineStats": {
            "count": 0,
            "min": null,
            "median": null,
            "p95": null,
            "max": null
          },
          "currentStats": {
            "count": 0,
            "min": null,
            "median": null,
            "p95": null,
            "max": null
          }
        },
        "openclawTimelineParseErrors": {
          "stat": "median",
          "baseline": null,
          "current": null,
          "comparable": true,
          "delta": null,
          "tolerance": 0,
          "baselineStats": {
            "count": 0,
            "min": null,
            "median": null,
            "p95": null,
            "max": null
          },
          "currentStats": {
            "count": 0,
            "min": null,
            "median": null,
            "p95": null,
            "max": null
          }
        },
        "openclawSlowestSpanMs": {
          "stat": "median",
          "baseline": null,
          "current": null,
          "comparable": true,
          "delta": null,
          "tolerance": 5000,
          "baselineStats": {
            "count": 0,
            "min": null,
            "median": null,
            "p95": null,
            "max": null
          },
          "currentStats": {
            "count": 0,
            "min": null,
            "median": null,
            "p95": null,
            "max": null
          }
        },
        "openclawRepeatedSpanCount": {
          "stat": "median",
          "baseline": null,
          "current": null,
          "comparable": true,
          "delta": null,
          "tolerance": null,
          "baselineStats": {
            "count": 0,
            "min": null,
            "median": null,
            "p95": null,
            "max": null
          },
          "currentStats": {
            "count": 0,
            "min": null,
            "median": null,
            "p95": null,
            "max": null
          }
        },
        "openclawEventLoopMaxMs": {
          "stat": "median",
          "baseline": null,
          "current": null,
          "comparable": true,
          "delta": null,
          "tolerance": 250,
          "baselineStats": {
            "count": 0,
            "min": null,
            "median": null,
            "p95": null,
            "max": null
          },
          "currentStats": {
            "count": 0,
            "min": null,
            "median": null,
            "p95": null,
            "max": null
          }
        },
        "openclawProviderRequestMaxMs": {
          "stat": "median",
          "baseline": null,
          "current": null,
          "comparable": true,
          "delta": null,
          "tolerance": 5000,
          "baselineStats": {
            "count": 0,
            "min": null,
            "median": null,
            "p95": null,
            "max": null
          },
          "currentStats": {
            "count": 0,
            "min": null,
            "median": null,
            "p95": null,
            "max": null
          }
        },
        "openclawChildProcessFailedCount": {
          "stat": "median",
          "baseline": null,
          "current": null,
          "comparable": true,
          "delta": null,
          "tolerance": 0,
          "baselineStats": {
            "count": 0,
            "min": null,
            "median": null,
            "p95": null,
            "max": null
          },
          "currentStats": {
            "count": 0,
            "min": null,
            "median": null,
            "p95": null,
            "max": null
          }
        },
        "pluginMetadataScanCount": {
          "stat": "median",
          "baseline": null,
          "current": null,
          "comparable": true,
          "delta": null,
          "tolerance": 10,
          "baselineStats": {
            "count": 0,
            "min": null,
            "median": null,
            "p95": null,
            "max": null
          },
          "currentStats": {
            "count": 0,
            "min": null,
            "median": null,
            "p95": null,
            "max": null
          }
        },
        "configNormalizationCount": {
          "stat": "median",
          "baseline": null,
          "current": null,
          "comparable": true,
          "delta": null,
          "tolerance": 10,
          "baselineStats": {
            "count": 0,
            "min": null,
            "median": null,
            "p95": null,
            "max": null
          },
          "currentStats": {
            "count": 0,
            "min": null,
            "median": null,
            "p95": null,
            "max": null
          }
        },
        "runtimeDepsStagingMs": {
          "stat": "median",
          "baseline": null,
          "current": null,
          "comparable": true,
          "delta": null,
          "tolerance": 5000,
          "baselineStats": {
            "count": 0,
            "min": null,
            "median": null,
            "p95": null,
            "max": null
          },
          "currentStats": {
            "count": 0,
            "min": null,
            "median": null,
            "p95": null,
            "max": null
          }
        },
        "eventLoopDelayMs": {
          "stat": "median",
          "baseline": null,
          "current": null,
          "comparable": true,
          "delta": null,
          "tolerance": 250,
          "baselineStats": {
            "count": 0,
            "min": null,
            "median": null,
            "p95": null,
            "max": null
          },
          "currentStats": {
            "count": 0,
            "min": null,
            "median": null,
            "p95": null,
            "max": null
          }
        },
        "providerModelTimingMs": {
          "stat": "median",
          "baseline": null,
          "current": null,
          "comparable": true,
          "delta": null,
          "tolerance": 5000,
          "baselineStats": {
            "count": 0,
            "min": null,
            "median": null,
            "p95": null,
            "max": null
          },
          "currentStats": {
            "count": 0,
            "min": null,
            "median": null,
            "p95": null,
            "max": null
          }
        }
      }
    }
  ]
}
