╔══════════════════════════════════════════════════════════════════════════════╗
║  KOVA  ·  report compare                                                     ║
╚══════════════════════════════════════════════════════════════════════════════╝
   [FAIL]   4 regressions · 1 affected
            local-build:…Claw/shakker-claw → local-build:…Claw/shakker-claw

  baseline  local-build:…Claw/shakker-claw    kova-<runId>
  current   local-build:…Claw/shakker-claw    kova-<runId>
  delta     4 regressions  ·  1 scenario affected

─── scenarios ──────────────────────────────────────────────────────────────────

scenario                 samples  verdict            Δ  worst metric
release-runtime-startup        —  [REGRESSED]       +3  nodeProfileTopFunctionMs
    ↳ 32.8× tol

─── release-runtime-startup ────────────────────── [REGRESSED] · FAIL → FAIL ───

metric                    baseline       current         Δ    threshold   status
nodeProfileTopFunctio…     145,175       309,157   +113.0%        5,000   OVER
diagnosticArtifactByt…           0   128,880,485         —   26,214,400   OVER
heapSnapshotBytes                0   128,809,325         —   52,428,800   OVER
cold.ready.ms               158 ms        703 ms   +344.9%            —   —
pluginsListMs                1,145         1,438    +25.6%            —   —
resourcePeakGatewayRs…         287           349    +21.6%            —   —

─── findings ───────────────────────────────────────────────────────────────────

  + ✗ peak RSS 904.5 MB (cap 900 MB)
      release-runtime-startup/fresh peakRssMb: 904.5; cpuPercentMax: 150.1

─── next ───────────────────────────────────────────────────────────────────────

  → kova report kova-<runId>
  → kova report bundle kova-<runId>
