╔══════════════════════════════════════════════════════════════════════════════╗
║  KOVA  ·  report compare                                                     ║
╚══════════════════════════════════════════════════════════════════════════════╝
   [FAIL]   5 regressions · 1 affected           runtime:stable → runtime:stable

  baseline  runtime:stable    kova-<runId>
  current   runtime:stable    kova-<runId>
  delta     5 regressions  ·  1 scenario affected

─── scenarios ──────────────────────────────────────────────────────────────────

scenario              samples  verdict            Δ  worst metric
fresh-install             0/1  [REGRESSED]       +3  status regressed from PASS…

─── fresh-install ──────────────────────────────── [REGRESSED] · PASS → FAIL ───

metric                  baseline     current         Δ   tolerance   status
gateway.rss.mb            420 MB      950 MB   +126.2%      100 MB   OVER
tracked.total.rss.mb      420 MB      950 MB   +126.2%      100 MB   OVER

─── findings ───────────────────────────────────────────────────────────────────

  + ✗ status regressed from PASS to FAIL
      fresh-install/fresh status regressed from PASS to FAIL
  + ✗ gateway.rss.mb +530 (420 -> 950)
      fresh-install/fresh tolerance 100; peakRssMb increased by 530 (420 ->
      950), over tolerance 100
  + ✗ tracked.total.rss.mb +530 (420 -> 950)
      fresh-install/fresh tolerance 100; resourcePeakTrackedRssMb increased by
      530 (420 -> 950), over tolerance 100
  + ✗ gateway peak RSS 950 MB (cap 800 MB)
      fresh-install/fresh readinessHealthReadyMs: 1200; readinessListeningMs:
      800
  + ⚠ undefined proof failed: gateway RSS stayed under threshold
      fresh-install/fresh gateway peak RSS 950 MB (cap 800 MB)

─── next ───────────────────────────────────────────────────────────────────────

  → kova report kova-<runId>
  → kova report bundle kova-<runId>
