╔══════════════════════════════════════════════════════════════════════════════╗
║  KOVA  ·  report compare                                                     ║
╚══════════════════════════════════════════════════════════════════════════════╝
   [FAIL]   3 regressions · 1 affected · 1 resource contract mismatch
            runtime:stable → runtime:stable

  baseline  runtime:stable    kova-<runId>
  current   runtime:stable    kova-<runId>
  delta     3 regressions  ·  1 scenario affected  ·  1 resource contract mismatch  ·  7 metrics skipped

─── resource contracts ─────────────────────────────────────────────────────────

  ⚠ 1 mismatch · 7 metrics skipped
  fresh-install:fresh
    contract unknown-scope/unknown-contract → unknown-scope/unknown-contract
    skipped  peakRssMb, cpuPercentMax, resourceSampleCount, resourcePeakTrackedRssMb, resourceCpuPercentMaxTracked, resourcePeakCommandTreeRssMb, resourcePeakGatewayRssMb

─── scenarios ──────────────────────────────────────────────────────────────────

scenario              samples  verdict            Δ  worst metric
fresh-install             0/1  [REGRESSED]       +1  status regressed from PASS…

─── fresh-install ──────────────────────────────── [REGRESSED] · PASS → FAIL ───

metric                  baseline     current         Δ   tolerance   status
cpu.max.%                   90 %        90 %         —        25 %   SKIPPED
gateway.rss.mb            420 MB      950 MB         —      100 MB   SKIPPED
gateway.rss.mb                 —      950 MB         —      100 MB   SKIPPED
tracked.total.rss.mb      420 MB      950 MB         —      100 MB   SKIPPED
resource.samples               3           3         —           —   SKIPPED

─── findings ───────────────────────────────────────────────────────────────────

  + ✗ status regressed from PASS to FAIL
      fresh-install/fresh status regressed from PASS to FAIL
  + ✗ gateway peak RSS 950 MB (cap 800 MB)
      fresh-install/fresh readinessHealthReadyMs: 1200; readinessListeningMs:
      800
  + ⚠ undefined proof failed: gateway RSS stayed under threshold
      fresh-install/fresh gateway peak RSS 950 MB (cap 800 MB)

─── next ───────────────────────────────────────────────────────────────────────

  → kova report kova-<runId>
  → kova report bundle kova-<runId>
