{
  "schemaVersion": "kova.matrix.run.receipt.v1",
  "generatedAt": "<iso>",
  "mode": "dry-run",
  "runId": "kova-<runId>",
  "profile": {
    "id": "smoke",
    "title": "Smoke Matrix",
    "objective": "Fast OpenClaw coverage across fresh install, plugin dependency, plugin lifecycle, and gateway performance states.",
    "purpose": "regression",
    "entryCount": 10,
    "targetKinds": null,
    "diagnostics": null,
    "calibration": null,
    "gate": null
  },
  "reportPath": "<home>/.kova/reports/kova-<runId>-smoke.md",
  "jsonPath": "<home>/.kova/reports/kova-<runId>-smoke.json",
  "summaryPath": "<home>/.kova/reports/kova-<runId>-smoke.summary.json",
  "bundlePath": "<home>/.kova/reports/kova-<runid>-bundle.tar.gz",
  "checksumPath": "<home>/.kova/reports/kova-<runid>-bundle.tar.gz.sha256",
  "retainedGateArtifacts": null,
  "gate": null,
  "performance": {
    "schemaVersion": "kova.performance.v1",
    "repeat": 1,
    "parallel": 1,
    "parallelContaminated": false,
    "groupCount": 10,
    "unstableGroupCount": 0,
    "profiledRunCount": 0,
    "baselineRegressionCount": null,
    "missingBaselineCount": null,
    "baselineReviewOk": null,
    "baselineReviewBlockerCount": null,
    "savedBaselinePath": null
  },
  "summary": {
    "total": 10,
    "statuses": {
      "DRY-RUN": 10
    }
  }
}
