╔══════════════════════════════════════════════════════════════════════════════╗
║  KOVA  ·  matrix plan                                                        ║
╚══════════════════════════════════════════════════════════════════════════════╝
   [PLAN]   12 runnable · 12 entries     profile: smoke · target: runtime:stable

  Total 12   ·   Runnable ██████████ 12   ·   Skipped ░░░░░░░░░░ 0

─── entries ────────────────────────────────────────────────────────────────────
  verdict  scenario                   state               note
  RUN      channel-capability-prefl…  fresh               Channel Capability Pr…
  RUN      channel-capability-share…  fresh               Channel Capability Sh…
  RUN      release-runtime-startup    fresh               Release Runtime Start…
  RUN      fresh-install              fresh               Fresh OpenClaw Instal…
  RUN      bundled-runtime-deps       missing-plugin-in…  Bundled Runtime Depen…
  RUN      plugin-lifecycle           stale-runtime-deps  OpenClaw Plugin Lifec…
  RUN      bundled-plugin-startup     fresh               Bundled Plugin Startup
  RUN      gateway-performance        many-bundled-plug…  Gateway Startup And R…
  RUN      agent-cold-warm-message    mock-openai-provi…  Agent CLI Local Cold/…
  RUN      agent-gateway-rpc-turn     mock-openai-provi…  Agent CLI Gateway RPC…
  RUN      gateway-session-send-turn  mock-openai-provi…  Gateway Session Cold/…
  RUN      openai-compatible-turn     mock-openai-provi…  OpenAI-Compatible Turn

─── next ───────────────────────────────────────────────────────────────────────

  → kova matrix run --profile smoke --target runtime:stable --execute
  → kova matrix plan --profile smoke --target runtime:stable --json
