╔══════════════════════════════════════════════════════════════════════════════╗
║  KOVA  ·  plan                                                               ║
╚══════════════════════════════════════════════════════════════════════════════╝
   43 scenarios · 29 surfaces                   darwin 25.3.0 · arm64 · v24.13.0

  Scenarios 43   ·   States 26   ·   Profiles 8   ·   Surfaces 29

─── surfaces by owner ──────────────────────────────────────────────────────────
  ◆ agent-cli-gateway-client  1 surface · 1 scenario
    • agent-gateway-rpc-turn  1 scenario
  ◆ agent-runtime  1 surface · 9 scenarios
    • agent-cli-local-turn  9 scenarios
  ◆ browser-runtime  1 surface · 1 scenario
    • browser-automation  1 scenario
  ◆ control-ui  1 surface · 1 scenario
    • dashboard  1 scenario
  ◆ diagnostics  1 surface · 1 scenario
    • failure-containment  1 scenario
  ◆ gateway  2 surfaces · 2 scenarios
    • gateway-performance  1 scenario
    • soak  1 scenario
  ◆ gateway-chat-session-runtime  1 surface · 2 scenarios
    • gateway-session-send-turn  2 scenarios
  ◆ gateway-openai-compatible-runtime  1 surface · 1 scenario
    • openai-compatible-turn  1 scenario
  ◆ mcp-runtime  1 surface · 1 scenario
    • mcp-runtime  1 scenario
  ◆ media-understanding  1 surface · 1 scenario
    • media-understanding  1 scenario
  ◆ platform-runtime  1 surface · 1 scenario
    • cross-platform-smoke  1 scenario
  ◆ plugins  9 surfaces · 9 scenarios
    • bundled-plugin-startup  1 scenario
    • bundled-runtime-deps  1 scenario
    • official-plugin-install  1 scenario
    • plugin-bad-manifest  1 scenario
    • plugin-external-install  1 scenario
    • plugin-lifecycle  1 scenario
    • plugin-missing-runtime-deps  1 scenario
    • plugin-remove  1 scenario
    • plugin-update  1 scenario
  ◆ provider-network  1 surface · 1 scenario
    • network-offline  1 scenario
  ◆ providers  1 surface · 1 scenario
    • provider-models  1 scenario
  ◆ release-runtime  1 surface · 1 scenario
    • release-runtime-startup  1 scenario
  ◆ runtime-startup  1 surface · 1 scenario
    • fresh-install  1 scenario
  ◆ terminal-ui  1 surface · 1 scenario
    • tui  1 scenario
  ◆ tui-agent-runtime  1 surface · 1 scenario
    • tui-message-turn  1 scenario
  ◆ upgrade  1 surface · 6 scenarios
    • upgrade-existing-user  6 scenarios
  ◆ workspace-runtime  1 surface · 1 scenario
    • workspace-scan  1 scenario

─── scenarios ──────────────────────────────────────────────────────────────────
  id                  surface             states  phases  title
  agent-auth-missing  agent-cli-local-t…       1       3  Agent Auth Missing
  agent-cold-warm-m…  agent-cli-local-t…       0       4  Agent CLI Local Cold/…
  agent-gateway-rpc…  agent-gateway-rpc…       0       4  Agent CLI Gateway RPC…
  agent-long-session  agent-cli-local-t…       0       8  Agent Long Session
  agent-network-off…  network-offline          0       3  Agent Network Offline
  agent-provider-co…  agent-cli-local-t…       0       3  Agent Provider Concur…
  agent-provider-ma…  agent-cli-local-t…       0       3  Agent Provider Malfor…
  agent-provider-re…  agent-cli-local-t…       0       4  Agent Provider Recove…
  agent-provider-sl…  agent-cli-local-t…       0       3  Agent Provider Slow
  agent-provider-st…  agent-cli-local-t…       0       3  Agent Provider Stream…
  agent-provider-ti…  agent-cli-local-t…       0       3  Agent Provider Timeout
  browser-automatio…  browser-automation       0       3  Browser Automation Sm…
  + 31 more scenarios (use --scenario <id> to filter, or --json for full list)

─── next ───────────────────────────────────────────────────────────────────────

  → kova run --scenario agent-auth-missing
  → kova matrix plan --profile smoke --target runtime:stable
  → kova plan --json
