╔══════════════════════════════════════════════════════════════════════════════╗
║  KOVA  ·  plan                                                               ║
╚══════════════════════════════════════════════════════════════════════════════╝
   61 scenarios · 41 surfaces                <os> <os-release> · <arch> · <node>

  Scenarios 61   ·   States 43   ·   Profiles 12   ·   Surfaces 41

─── surfaces by owner ──────────────────────────────────────────────────────────
  ◆ OpenClaw  2 surfaces · 2 scenarios
    • channel-capability-preflight  1 scenario
    • channel-model-turn-baseline  1 scenario
  ◆ OpenClaw Discord adapter  1 surface · 1 scenario
    • channel-discord-capability-conformance  1 scenario
  ◆ OpenClaw Telegram adapter  1 surface · 1 scenario
    • channel-telegram-capability-conformance  1 scenario
  ◆ agent-cli-gateway-client  1 surface · 1 scenario
    • agent-gateway-rpc-turn  1 scenario
  ◆ agent-runtime  1 surface · 11 scenarios
    • agent-cli-local-turn  11 scenarios
  ◆ agent-tool-runtime  2 surfaces · 2 scenarios
    • exec-tool-safety  1 scenario
    • tool-failure-containment  1 scenario
  ◆ browser-runtime  1 surface · 1 scenario
    • browser-automation  1 scenario
  ◆ control-ui  1 surface · 1 scenario
    • dashboard  1 scenario
  ◆ cron-runtime  1 surface · 1 scenario
    • cron-runtime  1 scenario
  ◆ diagnostics  1 surface · 1 scenario
    • failure-containment  1 scenario
  ◆ gateway  2 surfaces · 2 scenarios
    • gateway-performance  1 scenario
    • soak  1 scenario
  ◆ gateway-chat-session-runtime  1 surface · 2 scenarios
    • gateway-session-send-turn  2 scenarios
  ◆ gateway-input-runtime  1 surface · 1 scenario
    • adversarial-input  1 scenario
  ◆ gateway-openai-compatible-runtime  1 surface · 1 scenario
    • openai-compatible-turn  1 scenario
  ◆ mcp-runtime  2 surfaces · 2 scenarios
    • mcp-runtime  1 scenario
    • mcp-tool-call  1 scenario
  ◆ media-understanding  1 surface · 1 scenario
    • media-understanding  1 scenario
  ◆ platform-runtime  1 surface · 1 scenario
    • cross-platform-smoke  1 scenario
  ◆ plugins  11 surfaces · 11 scenarios
    • bundled-plugin-startup  1 scenario
    • bundled-runtime-deps  1 scenario
    • dirty-plugin-state  1 scenario
    • official-plugin-install  1 scenario
    • plugin-bad-manifest  1 scenario
    • plugin-external-install  1 scenario
    • plugin-legacy-unsafe-memory  1 scenario
    • plugin-lifecycle  1 scenario
    • plugin-missing-runtime-deps  1 scenario
    • plugin-remove  1 scenario
    • plugin-update  1 scenario
  ◆ provider-network  1 surface · 1 scenario
    • network-offline  1 scenario
  ◆ providers  1 surface · 1 scenario
    • provider-models  1 scenario
  ◆ release-runtime  1 surface · 1 scenario
    • release-runtime-startup  1 scenario
  ◆ runtime-startup  1 surface · 1 scenario
    • fresh-install  1 scenario
  ◆ terminal-ui  1 surface · 1 scenario
    • tui  1 scenario
  ◆ tui  1 surface · 1 scenario
    • tui-message-turn  1 scenario
  ◆ upgrade  2 surfaces · 11 scenarios
    • release-update-recovery  1 scenario
    • upgrade-existing-user  10 scenarios
  ◆ workspace-runtime  1 surface · 1 scenario
    • workspace-scan  1 scenario

─── channel user flows ─────────────────────────────────────────────────────────
  channel     selected  skipped  first skip reason
  discord           18       15  missing atoms: durable-final:after-send-succes…
  telegram          30        3  missing atoms: durable-final:after-send-succes…

─── scenarios ──────────────────────────────────────────────────────────────────
  id                  surface             states  phases  title
  adversarial-input…  adversarial-input        0       4  Adversarial Input Ope…
  agent-auth-missing  agent-cli-local-t…       1       3  Agent Auth Missing
  agent-cold-warm-m…  agent-cli-local-t…       0       4  Agent CLI Local Cold/…
  agent-gateway-rpc…  agent-gateway-rpc…       0       4  Agent CLI Gateway RPC…
  agent-long-session  agent-cli-local-t…       0       8  Agent Long Session
  agent-network-off…  network-offline          0       3  Agent Network Offline
  agent-provider-co…  agent-cli-local-t…       0       3  Agent Provider Concur…
  agent-provider-ma…  agent-cli-local-t…       0       3  Agent Provider Malfor…
  agent-provider-pr…  agent-cli-local-t…       0       3  Agent Provider Protoc…
  agent-provider-ra…  agent-cli-local-t…       0       3  Agent Provider Random…
  agent-provider-re…  agent-cli-local-t…       0       4  Agent Provider Recove…
  agent-provider-sl…  agent-cli-local-t…       0       3  Agent Provider Slow
  + 49 more scenarios (use --scenario <id> to filter, or --json for full list)

─── next ───────────────────────────────────────────────────────────────────────

  → kova run --target runtime:stable --scenario adversarial-input-openai-compatible
  → kova matrix plan --profile smoke --target runtime:stable
  → kova plan --json
