{
  "schemaVersion": "kova.web-payload.v1",
  "ver": "2026.4.30-internal",
  "releaseDate": "2026-04-30",
  "sha": "local-build",
  "passed": true,
  "input": {
    "path": "tests/fixtures/reports/pass.json",
    "kind": "internal-report"
  },
  "destination": {
    "path": "web/src/content/releases/2026.4.30-internal.json",
    "replacing": false
  },
  "dryRun": true,
  "augmented": true,
  "priorVer": null,
  "scenarioCount": 1,
  "runCount": 1,
  "coldReadyDeltaPct": null,
  "comparisonRows": 0,
  "headlineCount": 0
}
