# kova publish · 2026.5.26

_dry-run — no files written_

- contract: `kova.web-payload.v1`
- input: `web/src/content/releases/2026.5.26.json` (web-payload)
- destination: `web/src/content/releases/2026.5.26.json` · replacing existing
- sha: `2026.5.26` · passed: no
- scenarios: 12 · runs: 1 · headline rows: 4
- augmented vs prior: `—` · comparison rows: 0 · cold-ready Δ: —
