{
  "schemaVersion": "kova.web-payload.v1",
  "ver": "2026.5.26",
  "releaseDate": "<iso>",
  "sha": "2026.5.26",
  "passed": false,
  "input": {
    "path": "web/src/content/releases/2026.5.26.json",
    "kind": "web-payload"
  },
  "destination": {
    "path": "web/src/content/releases/2026.5.26.json",
    "replacing": true
  },
  "dryRun": true,
  "augmented": true,
  "priorVer": null,
  "scenarioCount": 12,
  "runCount": 1,
  "coldReadyDeltaPct": null,
  "comparisonRows": 0,
  "headlineCount": 4
}
