╔══════════════════════════════════════════════════════════════════════════════╗
║  KOVA  ·  report                                                             ║
╚══════════════════════════════════════════════════════════════════════════════╝
   [PASS]   1 scenario passed · 1 sample · single-sample

  run kova-<runId> · target runtime:stable · <ts>

─── scenarios ──────────────────────────────────────────────────────────────────
  scenario              samples  verdict    worst metric
  fresh-install             1/1  [PASS]     —

─── fresh-install ──────────────────────────────────────── [PASS] · 1 sample ───

  Metrics
    metric                value   threshold   status
    cold.ready.ms      1,200 ms           —   PASS
    gateway.rss.mb       420 MB           —   PASS
    cpu.max.%              90 %           —   PASS

─── next ───────────────────────────────────────────────────────────────────────
  → kova report bundle kova-<runId>
