{
  "schemaVersion": "kova.report.summary.v1",
  "generatedAt": "<iso>",
  "runId": "kova-<runId>",
  "reportGeneratedAt": "<iso>",
  "mode": "execution",
  "target": "runtime:stable",
  "from": null,
  "platform": {
    "os": "darwin",
    "release": "25.4.0",
    "arch": "arm64",
    "node": "v26.0.0"
  },
  "decision": {
    "verdict": "FAIL",
    "ok": false,
    "reason": "gateway peak RSS 950 MB exceeded threshold 800 MB",
    "blockingFindingCount": 2,
    "warningFindingCount": 0
  },
  "run": {
    "profile": null,
    "state": {
      "id": "fresh",
      "title": "Fresh OpenClaw User",
      "objective": "A new isolated OpenClaw home."
    },
    "repeat": 1,
    "parallel": null,
    "auth": {
      "mode": "mock"
    },
    "targetCleanup": null,
    "networkFrontage": {
      "schemaVersion": "kova.networkFrontage.v1",
      "mode": "port",
      "enabled": false,
      "allocations": []
    }
  },
  "coverage": {
    "recordCount": 1,
    "scenarioCount": 1,
    "scenarios": [
      "fresh-install"
    ],
    "stateCount": 1,
    "states": [
      "fresh"
    ],
    "surfaceCount": 1,
    "surfaces": [
      "fresh-install"
    ]
  },
  "proof": {
    "recordCount": 1,
    "completeness": {
      "complete": 1
    },
    "requiredTotal": 1,
    "requiredMissing": 0,
    "requiredFailed": 1,
    "byCategory": {},
    "missingRequired": [],
    "failedRequired": [
      {
        "scenario": "fresh-install",
        "state": "fresh",
        "sampleIndex": 1,
        "id": "fresh-install-resource-proof",
        "status": "failed",
        "summary": "gateway RSS stayed under threshold",
        "reason": "gateway peak RSS 950 MB exceeded threshold 800 MB",
        "artifactPath": null
      }
    ]
  },
  "channelCapabilities": {
    "total": 0,
    "required": 0,
    "passed": 0,
    "failed": 0,
    "missing": 0,
    "skipped": 0,
    "byStatus": {},
    "byChannel": [],
    "failedRequired": [],
    "missingRequired": []
  },
  "gate": null,
  "performance": {
    "schemaVersion": "kova.performance.v1",
    "resourceMeasurementScope": null,
    "resourceHeadlineContract": null,
    "repeat": 1,
    "groupCount": 1,
    "unstableGroupCount": 0,
    "profiledRunCount": 0,
    "baselineRegressionCount": null,
    "missingBaselineCount": null,
    "resourceContractMismatchCount": null,
    "skippedMetricCount": null,
    "resourceContractMismatches": [],
    "baselineReviewOk": null,
    "baselineReviewBlockerCount": null,
    "savedBaselinePath": null,
    "regressions": []
  },
  "failureBrief": {
    "decision": "FAIL",
    "primaryBlocker": "fresh-install/fresh",
    "why": "gateway peak RSS 950 MB exceeded threshold 800 MB",
    "evidence": [
      "readinessHealthReadyMs: 1200",
      "readinessListeningMs: 800",
      "gatewayRssMb: 950",
      "cpuPercentMax: 90",
      "gateway: 950MB RSS, 60% CPU",
      "gateway peak RSS 950 MB exceeded threshold 800 MB"
    ],
    "likelyOwner": "OpenClaw",
    "fixerPrompt": "Investigate OpenClaw release gate failure fresh-install/fresh. Kova decision was FAIL on darwin-arm64. Primary evidence: gateway peak RSS 950 MB exceeded threshold 800 MB. Measurements: readinessHealthReadyMs: 1200; readinessListeningMs: 800; gatewayRssMb: 950; cpuPercentMax: 90; gateway: 950MB RSS, 60% CPU; gateway peak RSS 950 MB exceeded threshold 800 MB. Likely owner area: OpenClaw."
  },
  "recommendedNextScenario": {
    "scenario": "fresh-install",
    "state": "fresh",
    "target": "runtime:stable",
    "reason": "gateway peak RSS 950 MB exceeded threshold 800 MB",
    "command": "node bin/kova.mjs run --target runtime:stable --scenario fresh-install --state fresh --execute --profile-on-failure --retain-on-failure --json"
  },
  "statuses": {
    "FAIL": 1
  },
  "findings": [
    {
      "id": "fresh-install:fresh:resourceByRole.gateway.peakRssMb:1",
      "severity": "fail",
      "kind": "violation",
      "scenario": "fresh-install",
      "state": "fresh",
      "sampleIndex": 1,
      "ownerArea": "OpenClaw",
      "metric": "resourceByRole.gateway.peakRssMb",
      "summary": "gateway peak RSS 950 MB exceeded threshold 800 MB",
      "expected": null,
      "actual": 950,
      "evidence": [
        "readinessHealthReadyMs: 1200",
        "readinessListeningMs: 800",
        "gatewayRssMb: 950",
        "cpuPercentMax: 90",
        "gateway: 950MB RSS, 60% CPU",
        "gateway peak RSS 950 MB exceeded threshold 800 MB"
      ]
    },
    {
      "id": "fresh-install:fresh:fresh-install-resource-proof:1",
      "severity": "incomplete",
      "kind": "evidence",
      "scenario": "fresh-install",
      "state": "fresh",
      "sampleIndex": 1,
      "ownerArea": "OpenClaw",
      "metric": null,
      "summary": "undefined proof failed: gateway RSS stayed under threshold",
      "expected": "required proof obligation passes",
      "actual": "proof collection failed",
      "evidence": [
        "gateway peak RSS 950 MB exceeded threshold 800 MB"
      ]
    }
  ],
  "groups": [
    {
      "key": "fresh-install|fresh-install|fresh",
      "scenario": "fresh-install",
      "surface": "fresh-install",
      "state": "fresh",
      "title": "Fresh Install",
      "sampleCount": 1,
      "statuses": {
        "FAIL": 1
      },
      "resourceInterpretation": null,
      "resourceMeasurementScope": null,
      "resourceHeadlineContract": null,
      "metrics": {}
    }
  ],
  "samples": [
    {
      "sampleIndex": 1,
      "repeatTotal": 1,
      "scenario": "fresh-install",
      "surface": "fresh-install",
      "title": "Fresh Install",
      "status": "FAIL",
      "cleanup": "retained",
      "target": "runtime:stable",
      "state": {
        "id": "fresh",
        "title": "Fresh OpenClaw User"
      },
      "ownerArea": "OpenClaw",
      "failedCommand": null,
      "failureDomain": null,
      "failureReason": null,
      "measurements": {
        "readiness": {
          "listeningReadyAtMs": 800,
          "healthReadyAtMs": 1200,
          "classification": "ready",
          "reason": "gateway became healthy within the readiness threshold"
        },
        "health": {
          "startupP95Ms": 200,
          "postReadyP95Ms": 20,
          "finalFailures": 0,
          "totalFailures": 0,
          "slowestSample": {
            "phaseId": "provision",
            "durationMs": 200
          }
        },
        "resources": {
          "peakRssMb": 950,
          "cpuPercentMax": 90,
          "resourceMeasurementScope": null,
          "resourceHeadlineContract": null,
          "measurementScopeSummary": null,
          "primaryRole": null,
          "gateKind": null,
          "sampleCount": 3,
          "commandTreePeakRssMb": null,
          "gatewayPeakRssMb": 950,
          "trackedPeakRssMb": 950,
          "topRolesByRss": [
            {
              "role": "gateway",
              "peakRssMb": 950,
              "maxCpuPercent": 60
            }
          ],
          "topRolesByCpu": [
            {
              "role": "gateway",
              "peakRssMb": 950,
              "maxCpuPercent": 60
            }
          ]
        },
        "agent": {
          "turnMs": null,
          "coldTurnMs": null,
          "warmTurnMs": null,
          "coldWarmDeltaMs": null,
          "coldPreProviderMs": null,
          "warmPreProviderMs": null,
          "providerFinalMs": null,
          "coldProviderFinalMs": null,
          "warmProviderFinalMs": null,
          "metadataScanCount": null,
          "metadataScanTotalMs": null,
          "eventLoopMaxMs": null,
          "sessionPollCount": null,
          "turns": []
        },
        "attribution": {
          "gatewaySession": null,
          "agentCli": null
        },
        "plugins": {
          "missingDependencyErrors": null,
          "pluginLoadFailures": null,
          "officialPluginInstallOk": null,
          "officialPluginInstallMs": null,
          "officialPluginSecurityBlocks": null
        },
        "diagnostics": {
          "timelineAvailable": null,
          "timelineEventCount": null,
          "timelineParseErrors": null,
          "slowestSpanName": null,
          "slowestSpanMs": null,
          "openSpanCount": null,
          "openRequiredSpanCount": null,
          "missingRequiredSpanCount": null,
          "openSpans": [],
          "eventLoopMaxMs": null,
          "providerRequestMaxMs": null
        }
      },
      "violations": [
        {
          "kind": "resource",
          "metric": "resourceByRole.gateway.peakRssMb",
          "expected": "<= 800",
          "actual": 950,
          "message": "gateway peak RSS 950 MB exceeded threshold 800 MB"
        }
      ],
      "artifactRoot": null
    }
  ],
  "artifacts": [],
  "scenarios": [
    {
      "sampleIndex": 1,
      "repeatTotal": 1,
      "scenario": "fresh-install",
      "surface": "fresh-install",
      "title": "Fresh Install",
      "status": "FAIL",
      "cleanup": "retained",
      "target": "runtime:stable",
      "state": {
        "id": "fresh",
        "title": "Fresh OpenClaw User"
      },
      "ownerArea": "OpenClaw",
      "failedCommand": null,
      "failureDomain": null,
      "failureReason": null,
      "measurements": {
        "readiness": {
          "listeningReadyAtMs": 800,
          "healthReadyAtMs": 1200,
          "classification": "ready",
          "reason": "gateway became healthy within the readiness threshold"
        },
        "health": {
          "startupP95Ms": 200,
          "postReadyP95Ms": 20,
          "finalFailures": 0,
          "totalFailures": 0,
          "slowestSample": {
            "phaseId": "provision",
            "durationMs": 200
          }
        },
        "resources": {
          "peakRssMb": 950,
          "cpuPercentMax": 90,
          "resourceMeasurementScope": null,
          "resourceHeadlineContract": null,
          "measurementScopeSummary": null,
          "primaryRole": null,
          "gateKind": null,
          "sampleCount": 3,
          "commandTreePeakRssMb": null,
          "gatewayPeakRssMb": 950,
          "trackedPeakRssMb": 950,
          "topRolesByRss": [
            {
              "role": "gateway",
              "peakRssMb": 950,
              "maxCpuPercent": 60
            }
          ],
          "topRolesByCpu": [
            {
              "role": "gateway",
              "peakRssMb": 950,
              "maxCpuPercent": 60
            }
          ]
        },
        "agent": {
          "turnMs": null,
          "coldTurnMs": null,
          "warmTurnMs": null,
          "coldWarmDeltaMs": null,
          "coldPreProviderMs": null,
          "warmPreProviderMs": null,
          "providerFinalMs": null,
          "coldProviderFinalMs": null,
          "warmProviderFinalMs": null,
          "metadataScanCount": null,
          "metadataScanTotalMs": null,
          "eventLoopMaxMs": null,
          "sessionPollCount": null,
          "turns": []
        },
        "attribution": {
          "gatewaySession": null,
          "agentCli": null
        },
        "plugins": {
          "missingDependencyErrors": null,
          "pluginLoadFailures": null,
          "officialPluginInstallOk": null,
          "officialPluginInstallMs": null,
          "officialPluginSecurityBlocks": null
        },
        "diagnostics": {
          "timelineAvailable": null,
          "timelineEventCount": null,
          "timelineParseErrors": null,
          "slowestSpanName": null,
          "slowestSpanMs": null,
          "openSpanCount": null,
          "openRequiredSpanCount": null,
          "missingRequiredSpanCount": null,
          "openSpans": [],
          "eventLoopMaxMs": null,
          "providerRequestMaxMs": null
        }
      },
      "violations": [
        {
          "kind": "resource",
          "metric": "resourceByRole.gateway.peakRssMb",
          "expected": "<= 800",
          "actual": 950,
          "message": "gateway peak RSS 950 MB exceeded threshold 800 MB"
        }
      ],
      "artifactRoot": null
    }
  ]
}
