{
  "schemaVersion": "kova.report.summary.v1",
  "generatedAt": "<iso>",
  "runId": "kova-<runId>",
  "reportGeneratedAt": "<iso>",
  "mode": "execution",
  "target": "runtime:stable",
  "from": null,
  "platform": {
    "os": "darwin",
    "release": "25.4.0",
    "arch": "arm64",
    "node": "v26.0.0"
  },
  "decision": {
    "verdict": "PASS",
    "ok": true,
    "reason": "all executed scenarios passed",
    "blockingFindingCount": 0,
    "warningFindingCount": 0
  },
  "run": {
    "profile": null,
    "state": {
      "id": "fresh",
      "title": "Fresh OpenClaw User",
      "objective": "A new isolated OpenClaw home."
    },
    "repeat": 1,
    "parallel": null,
    "auth": {
      "mode": "mock"
    },
    "targetCleanup": null,
    "networkFrontage": {
      "schemaVersion": "kova.networkFrontage.v1",
      "mode": "port",
      "enabled": false,
      "allocations": []
    }
  },
  "coverage": {
    "recordCount": 1,
    "scenarioCount": 1,
    "scenarios": [
      "fresh-install"
    ],
    "stateCount": 1,
    "states": [
      "fresh"
    ],
    "surfaceCount": 1,
    "surfaces": [
      "fresh-install"
    ]
  },
  "proof": {
    "recordCount": 1,
    "completeness": {
      "complete": 1
    },
    "requiredTotal": 1,
    "requiredMissing": 0,
    "requiredFailed": 0,
    "byCategory": {},
    "missingRequired": [],
    "failedRequired": []
  },
  "channelCapabilities": {
    "total": 0,
    "required": 0,
    "passed": 0,
    "failed": 0,
    "missing": 0,
    "skipped": 0,
    "byStatus": {},
    "byChannel": [],
    "failedRequired": [],
    "missingRequired": []
  },
  "gate": null,
  "performance": {
    "schemaVersion": "kova.performance.v1",
    "resourceMeasurementScope": null,
    "resourceHeadlineContract": null,
    "repeat": 1,
    "groupCount": 1,
    "unstableGroupCount": 0,
    "profiledRunCount": 0,
    "baselineRegressionCount": null,
    "missingBaselineCount": null,
    "resourceContractMismatchCount": null,
    "skippedMetricCount": null,
    "resourceContractMismatches": [],
    "baselineReviewOk": null,
    "baselineReviewBlockerCount": null,
    "savedBaselinePath": null,
    "regressions": []
  },
  "failureBrief": null,
  "recommendedNextScenario": null,
  "statuses": {
    "PASS": 1
  },
  "findings": [],
  "groups": [
    {
      "key": "fresh-install|fresh-install|fresh",
      "scenario": "fresh-install",
      "surface": "fresh-install",
      "state": "fresh",
      "title": "Fresh Install",
      "sampleCount": 1,
      "statuses": {
        "PASS": 1
      },
      "resourceInterpretation": null,
      "resourceMeasurementScope": null,
      "resourceHeadlineContract": null,
      "metrics": {}
    }
  ],
  "samples": [
    {
      "sampleIndex": 1,
      "repeatTotal": 1,
      "scenario": "fresh-install",
      "surface": "fresh-install",
      "title": "Fresh Install",
      "status": "PASS",
      "cleanup": "destroyed",
      "target": "runtime:stable",
      "state": {
        "id": "fresh",
        "title": "Fresh OpenClaw User"
      },
      "ownerArea": "OpenClaw",
      "failedCommand": null,
      "failureDomain": null,
      "failureReason": null,
      "measurements": {
        "readiness": {
          "listeningReadyAtMs": 800,
          "healthReadyAtMs": 1200,
          "classification": "ready",
          "reason": "gateway became healthy within the readiness threshold"
        },
        "health": {
          "startupP95Ms": 200,
          "postReadyP95Ms": 20,
          "finalFailures": 0,
          "totalFailures": 0,
          "slowestSample": {
            "phaseId": "provision",
            "durationMs": 200
          }
        },
        "resources": {
          "peakRssMb": 420,
          "cpuPercentMax": 90,
          "resourceMeasurementScope": null,
          "resourceHeadlineContract": null,
          "measurementScopeSummary": null,
          "primaryRole": null,
          "gateKind": null,
          "sampleCount": 3,
          "commandTreePeakRssMb": null,
          "gatewayPeakRssMb": null,
          "trackedPeakRssMb": 420,
          "topRolesByRss": [
            {
              "role": "gateway",
              "peakRssMb": 420,
              "maxCpuPercent": 60
            }
          ],
          "topRolesByCpu": [
            {
              "role": "gateway",
              "peakRssMb": 420,
              "maxCpuPercent": 60
            }
          ]
        },
        "agent": {
          "turnMs": null,
          "coldTurnMs": null,
          "warmTurnMs": null,
          "coldWarmDeltaMs": null,
          "coldPreProviderMs": null,
          "warmPreProviderMs": null,
          "providerFinalMs": null,
          "coldProviderFinalMs": null,
          "warmProviderFinalMs": null,
          "metadataScanCount": null,
          "metadataScanTotalMs": null,
          "eventLoopMaxMs": null,
          "sessionPollCount": null,
          "turns": []
        },
        "attribution": {
          "gatewaySession": null,
          "agentCli": null
        },
        "plugins": {
          "missingDependencyErrors": null,
          "pluginLoadFailures": null,
          "officialPluginInstallOk": null,
          "officialPluginInstallMs": null,
          "officialPluginSecurityBlocks": null
        },
        "diagnostics": {
          "timelineAvailable": null,
          "timelineEventCount": null,
          "timelineParseErrors": null,
          "slowestSpanName": null,
          "slowestSpanMs": null,
          "openSpanCount": null,
          "openRequiredSpanCount": null,
          "missingRequiredSpanCount": null,
          "openSpans": [],
          "eventLoopMaxMs": null,
          "providerRequestMaxMs": null
        }
      },
      "violations": [],
      "artifactRoot": null
    }
  ],
  "artifacts": [],
  "scenarios": [
    {
      "sampleIndex": 1,
      "repeatTotal": 1,
      "scenario": "fresh-install",
      "surface": "fresh-install",
      "title": "Fresh Install",
      "status": "PASS",
      "cleanup": "destroyed",
      "target": "runtime:stable",
      "state": {
        "id": "fresh",
        "title": "Fresh OpenClaw User"
      },
      "ownerArea": "OpenClaw",
      "failedCommand": null,
      "failureDomain": null,
      "failureReason": null,
      "measurements": {
        "readiness": {
          "listeningReadyAtMs": 800,
          "healthReadyAtMs": 1200,
          "classification": "ready",
          "reason": "gateway became healthy within the readiness threshold"
        },
        "health": {
          "startupP95Ms": 200,
          "postReadyP95Ms": 20,
          "finalFailures": 0,
          "totalFailures": 0,
          "slowestSample": {
            "phaseId": "provision",
            "durationMs": 200
          }
        },
        "resources": {
          "peakRssMb": 420,
          "cpuPercentMax": 90,
          "resourceMeasurementScope": null,
          "resourceHeadlineContract": null,
          "measurementScopeSummary": null,
          "primaryRole": null,
          "gateKind": null,
          "sampleCount": 3,
          "commandTreePeakRssMb": null,
          "gatewayPeakRssMb": null,
          "trackedPeakRssMb": 420,
          "topRolesByRss": [
            {
              "role": "gateway",
              "peakRssMb": 420,
              "maxCpuPercent": 60
            }
          ],
          "topRolesByCpu": [
            {
              "role": "gateway",
              "peakRssMb": 420,
              "maxCpuPercent": 60
            }
          ]
        },
        "agent": {
          "turnMs": null,
          "coldTurnMs": null,
          "warmTurnMs": null,
          "coldWarmDeltaMs": null,
          "coldPreProviderMs": null,
          "warmPreProviderMs": null,
          "providerFinalMs": null,
          "coldProviderFinalMs": null,
          "warmProviderFinalMs": null,
          "metadataScanCount": null,
          "metadataScanTotalMs": null,
          "eventLoopMaxMs": null,
          "sessionPollCount": null,
          "turns": []
        },
        "attribution": {
          "gatewaySession": null,
          "agentCli": null
        },
        "plugins": {
          "missingDependencyErrors": null,
          "pluginLoadFailures": null,
          "officialPluginInstallOk": null,
          "officialPluginInstallMs": null,
          "officialPluginSecurityBlocks": null
        },
        "diagnostics": {
          "timelineAvailable": null,
          "timelineEventCount": null,
          "timelineParseErrors": null,
          "slowestSpanName": null,
          "slowestSpanMs": null,
          "openSpanCount": null,
          "openRequiredSpanCount": null,
          "missingRequiredSpanCount": null,
          "openSpans": [],
          "eventLoopMaxMs": null,
          "providerRequestMaxMs": null
        }
      },
      "violations": [],
      "artifactRoot": null
    }
  ]
}
