╔══════════════════════════════════════════════════════════════════════════════╗
║  KOVA  ·  report                                                             ║
╚══════════════════════════════════════════════════════════════════════════════╝
   [FAIL]   1 scenario failed · 1 failed of 1 sample · single-sample

  run kova-<runId> · target runtime:stable · <ts>

─── scenarios ──────────────────────────────────────────────────────────────────
  scenario              samples  verdict    worst metric
  fresh-install             0/1  [FAIL]     gateway gateway.rss.mb
      ↳ gateway peak RSS 950 MB exceeded threshold 800 MB

─── fresh-install ──────────────────────────────────────── [FAIL] · 1 sample ───

  Metrics
    metric                value   threshold   status
    gateway.rss.mb       950 MB           —   FAIL
      ↳ gateway          950 MB      800 MB   FAIL
    cold.ready.ms      1,200 ms           —   PASS
    cpu.max.%              90 %           —   PASS

─── next ───────────────────────────────────────────────────────────────────────
  → kova report --full kova-<runId>
  → node bin/kova.mjs run --target runtime:stable --scenario fresh-install \
    --state fresh --execute --profile-on-failure --retain-on-failure --json
  → kova report bundle kova-<runId>
